// Jest Snapshot v1, https://goo.gl/fbAQLP

exports[`<RunStateProvider /> <DemoFulfilled /> renders correctly 1`] = `
<div>
  <h1 />
  <span />
  <button
    id="action"
    onClick={[Function]}
  >
    action
  </button>
  <button
    id="update"
    onClick={[Function]}
  >
    update
  </button>
</div>
`;

exports[`<RunStateProvider /> <DemoRejected /> renders correctly 1`] = `
<div>
  <h1 />
  <span />
  <button
    id="action"
    onClick={[Function]}
  >
    action
  </button>
  <button
    id="update"
    onClick={[Function]}
  >
    update
  </button>
</div>
`;

exports[`<RunStateProvider /> <DemoUpdateState /> renders correctly 1`] = `
<div>
  <h1 />
  <span />
  <button
    id="action"
    onClick={[Function]}
  >
    action
  </button>
  <button
    id="update"
    onClick={[Function]}
  >
    update
  </button>
</div>
`;
